/contact 184.123.665.067
/help_page/1 126.318.035.038
/help_page/1 722.247.931.582
/about 061.945.150.735
/about/2 382.335.626.855
/about/2 802.683.925.780
/about/2 200.017.277.774
